5.000000
5.000000
0.000000
10.000000
10.000000
0.000000
0.500000
10.000000
-1.000000
18450.000000
0.000000
5 is less than 10
