4.000000
5.000000
640000.000000
92000000000000000.000000
0.000000
