Error: L6: Could not find definition for y in this scope
