5
5
-5
10
5
-50
50
-85
40
0
10
-5
127
10
-128
5 is less than 10
