-1.000000
1.000000
0.000000
-1.000000
1.000000
0.000000
550000
-550000
550000
0
32767
-32768
65535
0
-10.869565
