-2
2
65535
18446744073709551614
2
65535
-2
2
5
254
2
5
12
-12
-12
12
244
244
1
0
