4
5
640000
9223372036854775807
18446744073709551615
