5
5
0
10
10
0
0
10
18446744073709551615
0
5 is less than 10
