Error: L2: Could not find definition for x in this scope
