2
5
failed
failed
failed
failed
failed
failed
failed
-12342143144316
