Error: Semantic: L2: member bad not found on root::MyStruct
