Error: L2-6: member bad not found on $field::field::MyStruct
