Error: Semantic: L2: expected 3 parameters but found 2
