Error: Semantic: L2: root::MyStruct.z expects bool but got i32
