Error: L2: $type_mismatch::type_mismatch::MyStruct.z expects bool but got i64
