y: 0
y: 1
y: 2
x: 0
y: 0
y: 1
y: 2
x: 1
y: 0
y: 1
y: 2
x: 2
y: 0
y: 1
y: 2
x: 3
y: 0
y: 1
y: 2
x: 4
y: 0
y: 1
y: 2
x: 5
