1
2
100
200
13
2
100
200
13
2
100
223
13
2
133
223
13
23
133
223
