5
5
0
10
10
0
0
10
4294967295
0
0
5 is less than 10
