Error: Parser: L4: Expected type specification after x
