5
5
-5
10
5
-50
50
-85
40
0
10
-5000
-10000
32767
10
-32768
5 is less than 10
