123
1
2
3
456
321
123
1
2
3
456
true
123
1
2
3
456
123
1
2
3
456
