Error: Semantic: L2: Cannot pass struct expression as function parameter (future feature)
