123
1
2
3
11
22
33
456
100
666
true
123
1
2
3
11
22
33
456
200
246
100
200
300
111
222
333
912
300
