Error: Semantic: L3: Cannot pass struct expression as function parameter (future feature)
