Undefined symbols for architecture x86_64:
  "_smutz", referenced from:
      _root_my_main in output.obj
ld: symbol(s) not found for architecture x86_64
clang: error: linker command failed with exit code 1 (use -v to see invocation)
