Error: L3: Bind expected $name_conflict::name_conflict::MyStruct but got $name_conflict::name_conflict::my_mod::MyStruct
