Error: Semantic: L3: Bind expected root::MyStruct but got root::my_mod::MyStruct
