5
5
-5
10
5
-250
15000
4250
-2000
0
10
5 is less than 10
